<top 5>
analyzing 1
appears 1
business 1
company 1
consists 1
date 1
depending 1
efficiency 1
hired 1
hiring 1
imagine 1
information 1
main 1
maintaining 1
process 1
program 1
simple 1
solution 1
test 1
that 1
topics 1
trending 1
whose 1
will 1
writing 1
your 1
</top>
<top 3>
text 4
corresponding 3
file 2
provide 2
test 2
words 2
</top>
<top 3>
blah 9
text 4
corresponding 3
please 3
</top>
