Case #1: our language is impossible to understand
Case #2: there are twenty six factorial possibilities
Case #3: so it is okay if you want to just give up
Case #4: xoggk d yl wxo vkkvgo ekso uyl wonw sywy
Case #5: xkf yto akj
Case #6: yabba dabba yabba dabba yabba dabba yabba dabba yabba dabba yabba dabba yabba dabba yabba dooooooooo
Case #7: a b c d e f g h i j k l m n o p q r s t u v y w x y z now i know my abcs
Case #8: next time wont you sing with me
Case #9: for those who speak in a tongue do not speak to other people
Case #10: nobody understands them since they are speaking mysteries in the spirit
Case #11: this is so exciting i have to go the bathroom
Case #12: it was the best of times it was the blurst of times
Case #13: let lips do what hands do
Case #14: this here is gunpowder activated twenty seven caliber full auto no kickback nailthrowing mayhem
Case #15: i have bested fruit spike and moon now i shall best you the guy
Case #16: oh hai im in ur computer eating your cheezburgers and googleresing your textz
Case #17: an eye for an eye and a pigeon for a pigeon
Case #18: all your base are belong to error the spoony bard
Case #19: you pissed off the chicken lady
Case #20: now is the summer of our lack of discontent
Case #21: by the pricking of my thumbs something wicked this way comes
Case #22: in a world of direwolves and lions sometimes the rarest creature is a friend
Case #23: greetings cheese popsicle the number you have dialed is currently out of porkchops
Case #24: why do programmers always mix up halloween and christmas
Case #25: im commander shepard and this is my favorite problem on the google code jam
Case #26: f of two equals f of one equals one
Case #27: for i between three and n f of i equals f of i minus one plus f of i minus two
Case #28: how are you holding up because im a potato
Case #29: dr zaius dr zaius dr zaius dr zaius ooooooooooooh dr zaius
Case #30: whoooooooooooooooooooaaaaaaaaa i know c plus plus
