Case #1: R
Case #2: P
Case #3: P
Case #4: -
Case #5: S
Case #6: -
Case #7: P
Case #8: -
Case #9: R
Case #10: S
Case #11: S
Case #12: R
Case #13: P
Case #14: -
Case #15: R
Case #16: R
Case #17: S
Case #18: P
Case #19: R
Case #20: R
Case #21: -
Case #22: R
Case #23: P
Case #24: R
Case #25: -
Case #26: P
Case #27: -
Case #28: -
Case #29: -
Case #30: P
