Case #1: R
Case #2: P
Case #3: P
Case #4: -
Case #5: S
Case #6: -
Case #7: P
Case #8: -
Case #9: R
Case #10: S
Case #11: S
Case #12: R
Case #13: P
Case #14: -
Case #15: R
Case #16: R
Case #17: S
Case #18: P
Case #19: R
Case #20: R
Case #21: -
Case #22: R
Case #23: P
Case #24: R
Case #25: -
Case #26: P
Case #27: -
Case #28: -
Case #29: -
Case #30: P
Case #31: S
Case #32: -
Case #33: S
Case #34: -
Case #35: P
Case #36: S
Case #37: S
Case #38: S
Case #39: P
Case #40: R
Case #41: -
Case #42: R
Case #43: S
Case #44: -
Case #45: S
Case #46: P
Case #47: -
Case #48: -
Case #49: S
Case #50: -
Case #51: R
Case #52: P
Case #53: S
Case #54: -
Case #55: S
Case #56: R
Case #57: R
Case #58: -
Case #59: R
Case #60: R
Case #61: S
Case #62: S
Case #63: -
Case #64: S
Case #65: -
Case #66: R
Case #67: S
Case #68: R
Case #69: -
Case #70: P
Case #71: P
Case #72: S
Case #73: R
Case #74: S
Case #75: -
Case #76: -
Case #77: R
Case #78: -
Case #79: S
Case #80: S
Case #81: -
Case #82: R
Case #83: -
Case #84: -
Case #85: S
Case #86: R
Case #87: -
Case #88: P
Case #89: P
Case #90: P
Case #91: R
Case #92: P
Case #93: P
Case #94: -
Case #95: S
Case #96: R
Case #97: S
Case #98: S
Case #99: S
Case #100: -
Case #101: P
Case #102: P
Case #103: -
Case #104: P
Case #105: P
Case #106: S
Case #107: R
Case #108: S
Case #109: -
Case #110: P
Case #111: -
Case #112: R
Case #113: S
Case #114: -
Case #115: S
Case #116: R
Case #117: -
Case #118: P
Case #119: -
Case #120: P
Case #121: -
Case #122: S
Case #123: S
Case #124: R
Case #125: P
Case #126: -
Case #127: P
Case #128: P
Case #129: S
Case #130: P
Case #131: S
Case #132: -
Case #133: R
Case #134: R
Case #135: S
Case #136: R
Case #137: -
Case #138: P
Case #139: P
Case #140: -
Case #141: -
Case #142: S
Case #143: P
Case #144: R
Case #145: -
Case #146: S
Case #147: P
Case #148: S
Case #149: P
Case #150: -
Case #151: S
Case #152: P
Case #153: P
Case #154: S
Case #155: P
Case #156: S
Case #157: -
Case #158: S
Case #159: -
Case #160: R
Case #161: -
Case #162: -
Case #163: R
Case #164: -
Case #165: -
Case #166: -
Case #167: -
Case #168: P
Case #169: R
Case #170: S
Case #171: R
Case #172: R
Case #173: P
Case #174: P
Case #175: P
Case #176: P
Case #177: R
Case #178: S
Case #179: R
Case #180: R
Case #181: R
Case #182: -
Case #183: S
Case #184: R
Case #185: -
Case #186: -
Case #187: P
Case #188: -
Case #189: -
Case #190: P
Case #191: -
Case #192: R
Case #193: P
Case #194: P
Case #195: R
Case #196: -
Case #197: R
Case #198: -
Case #199: S
Case #200: S
Case #201: S
Case #202: P
Case #203: R
Case #204: P
Case #205: -
Case #206: S
Case #207: S
Case #208: -
Case #209: -
Case #210: -
Case #211: S
Case #212: P
Case #213: P
Case #214: -
Case #215: S
Case #216: S
Case #217: P
Case #218: R
Case #219: P
Case #220: P
Case #221: P
Case #222: P
Case #223: R
Case #224: -
Case #225: P
Case #226: -
Case #227: P
Case #228: P
Case #229: S
Case #230: P
Case #231: R
Case #232: -
Case #233: R
Case #234: -
Case #235: -
Case #236: P
Case #237: S
Case #238: R
Case #239: -
Case #240: R
Case #241: -
Case #242: -
Case #243: -
Case #244: S
Case #245: R
Case #246: R
Case #247: -
Case #248: P
Case #249: P
Case #250: -
Case #251: S
Case #252: -
Case #253: R
Case #254: R
Case #255: S
Case #256: -
Case #257: -
Case #258: -
Case #259: -
Case #260: R
Case #261: R
Case #262: R
Case #263: P
Case #264: S
Case #265: S
Case #266: S
Case #267: S
Case #268: P
Case #269: -
Case #270: P
Case #271: P
Case #272: S
Case #273: R
Case #274: R
Case #275: S
Case #276: R
Case #277: -
Case #278: -
Case #279: S
Case #280: P
Case #281: R
Case #282: P
Case #283: -
Case #284: S
Case #285: -
Case #286: S
Case #287: -
Case #288: -
Case #289: -
Case #290: S
Case #291: R
Case #292: -
Case #293: -
Case #294: -
Case #295: S
Case #296: -
Case #297: R
Case #298: S
Case #299: R
Case #300: P
Case #301: S
Case #302: S
Case #303: P
Case #304: -
Case #305: S
Case #306: R
Case #307: R
Case #308: -
Case #309: P
Case #310: P
Case #311: P
Case #312: -
Case #313: P
Case #314: S
Case #315: -
Case #316: -
Case #317: R
Case #318: -
Case #319: R
Case #320: P
Case #321: R
Case #322: S
Case #323: -
Case #324: -
Case #325: -
Case #326: P
Case #327: P
Case #328: -
Case #329: P
Case #330: P
Case #331: S
Case #332: -
Case #333: S
Case #334: S
Case #335: R
Case #336: -
Case #337: P
Case #338: -
Case #339: -
Case #340: S
Case #341: R
Case #342: R
Case #343: R
Case #344: P
Case #345: P
Case #346: R
Case #347: P
Case #348: S
Case #349: S
Case #350: P
Case #351: S
Case #352: -
Case #353: -
Case #354: S
Case #355: P
Case #356: -
Case #357: R
Case #358: R
Case #359: S
Case #360: -
Case #361: R
Case #362: R
Case #363: S
Case #364: -
Case #365: -
Case #366: S
Case #367: P
Case #368: P
Case #369: S
Case #370: -
Case #371: S
Case #372: S
Case #373: -
Case #374: P
Case #375: S
Case #376: P
Case #377: R
Case #378: S
Case #379: -
Case #380: -
Case #381: R
Case #382: S
Case #383: S
Case #384: -
Case #385: S
Case #386: P
Case #387: -
Case #388: R
Case #389: S
Case #390: R
Case #391: S
Case #392: -
Case #393: S
Case #394: -
Case #395: -
Case #396: P
Case #397: R
Case #398: -
Case #399: S
Case #400: P
Case #401: -
Case #402: R
Case #403: -
Case #404: -
Case #405: R
Case #406: -
Case #407: S
Case #408: -
Case #409: P
Case #410: -
Case #411: P
Case #412: S
Case #413: P
Case #414: R
Case #415: -
Case #416: P
Case #417: P
Case #418: S
Case #419: -
Case #420: -
Case #421: R
Case #422: P
Case #423: -
Case #424: S
Case #425: P
Case #426: R
Case #427: P
Case #428: P
Case #429: R
Case #430: -
Case #431: -
Case #432: -
Case #433: R
Case #434: P
Case #435: -
Case #436: -
Case #437: -
Case #438: -
Case #439: P
Case #440: S
Case #441: P
Case #442: S
Case #443: S
Case #444: P
Case #445: -
Case #446: R
Case #447: R
Case #448: -
Case #449: P
Case #450: P
Case #451: R
Case #452: R
Case #453: S
Case #454: -
Case #455: R
Case #456: -
Case #457: R
Case #458: -
Case #459: S
Case #460: -
Case #461: P
Case #462: R
Case #463: R
Case #464: S
Case #465: -
Case #466: P
Case #467: -
Case #468: -
Case #469: -
Case #470: R
Case #471: R
Case #472: P
Case #473: -
Case #474: -
Case #475: -
Case #476: S
Case #477: R
Case #478: R
Case #479: -
Case #480: P
Case #481: -
Case #482: P
Case #483: -
Case #484: -
Case #485: -
Case #486: P
Case #487: S
Case #488: -
Case #489: S
Case #490: -
Case #491: -
Case #492: -
Case #493: -
Case #494: S
Case #495: P
Case #496: P
Case #497: R
Case #498: -
Case #499: P
Case #500: -
Case #501: R
Case #502: -
Case #503: -
Case #504: S
Case #505: P
Case #506: R
Case #507: R
Case #508: -
Case #509: P
Case #510: P
Case #511: -
Case #512: S
Case #513: R
Case #514: S
Case #515: R
Case #516: -
Case #517: S
Case #518: -
Case #519: -
Case #520: -
Case #521: R
Case #522: R
Case #523: -
Case #524: -
Case #525: -
Case #526: R
Case #527: S
Case #528: S
Case #529: R
Case #530: S
Case #531: R
Case #532: S
Case #533: -
Case #534: R
Case #535: P
Case #536: -
Case #537: -
Case #538: P
Case #539: R
Case #540: R
Case #541: S
Case #542: P
Case #543: P
Case #544: R
Case #545: P
Case #546: R
Case #547: S
Case #548: P
Case #549: -
Case #550: P
Case #551: -
Case #552: P
Case #553: P
Case #554: R
Case #555: -
Case #556: R
Case #557: -
Case #558: R
Case #559: P
Case #560: P
Case #561: -
Case #562: P
Case #563: S
Case #564: S
Case #565: P
Case #566: R
Case #567: S
Case #568: -
Case #569: -
Case #570: -
Case #571: P
Case #572: R
Case #573: P
Case #574: S
Case #575: P
Case #576: -
Case #577: R
Case #578: -
Case #579: S
Case #580: S
Case #581: -
Case #582: -
Case #583: -
Case #584: -
Case #585: -
Case #586: R
Case #587: -
Case #588: S
Case #589: -
Case #590: R
Case #591: -
Case #592: -
Case #593: S
Case #594: P
Case #595: R
Case #596: -
Case #597: S
Case #598: S
Case #599: R
Case #600: -
Case #601: -
Case #602: S
Case #603: -
Case #604: S
Case #605: S
Case #606: R
Case #607: -
Case #608: S
Case #609: R
Case #610: -
Case #611: P
Case #612: -
Case #613: -
Case #614: -
Case #615: S
Case #616: -
Case #617: P
Case #618: -
Case #619: -
Case #620: -
Case #621: R
Case #622: R
Case #623: P
Case #624: S
Case #625: S
Case #626: P
Case #627: R
Case #628: P
Case #629: -
Case #630: S
Case #631: R
Case #632: S
Case #633: P
Case #634: P
Case #635: R
Case #636: S
Case #637: S
Case #638: P
Case #639: -
Case #640: -
Case #641: P
Case #642: -
Case #643: -
Case #644: S
Case #645: -
Case #646: R
Case #647: P
Case #648: -
Case #649: S
Case #650: -
Case #651: S
Case #652: S
Case #653: -
Case #654: S
Case #655: -
Case #656: -
Case #657: P
Case #658: S
Case #659: R
Case #660: R
Case #661: S
Case #662: P
Case #663: -
Case #664: R
Case #665: -
Case #666: -
Case #667: -
Case #668: -
Case #669: -
Case #670: -
Case #671: -
Case #672: S
Case #673: S
Case #674: -
Case #675: P
Case #676: -
Case #677: P
Case #678: -
Case #679: P
Case #680: P
Case #681: S
Case #682: -
Case #683: S
Case #684: S
Case #685: S
Case #686: -
Case #687: P
Case #688: S
Case #689: S
Case #690: P
Case #691: -
Case #692: -
Case #693: R
Case #694: -
Case #695: P
Case #696: P
Case #697: S
Case #698: R
Case #699: -
Case #700: S
Case #701: R
Case #702: R
Case #703: -
Case #704: R
Case #705: R
Case #706: -
Case #707: S
Case #708: R
Case #709: S
Case #710: P
Case #711: S
Case #712: -
Case #713: -
Case #714: P
Case #715: R
Case #716: -
Case #717: -
Case #718: -
Case #719: R
Case #720: P
Case #721: P
Case #722: -
Case #723: -
Case #724: S
Case #725: S
Case #726: S
Case #727: S
Case #728: R
Case #729: S
Case #730: P
Case #731: R
Case #732: S
Case #733: S
Case #734: R
Case #735: S
Case #736: P
Case #737: R
Case #738: -
Case #739: R
Case #740: P
Case #741: P
Case #742: P
Case #743: -
Case #744: R
Case #745: -
Case #746: R
Case #747: -
Case #748: -
Case #749: S
Case #750: -
Case #751: P
Case #752: S
Case #753: P
Case #754: P
Case #755: R
Case #756: -
Case #757: S
Case #758: R
Case #759: R
Case #760: S
Case #761: R
Case #762: R
Case #763: S
Case #764: -
Case #765: P
Case #766: -
Case #767: S
Case #768: -
Case #769: -
Case #770: R
Case #771: R
Case #772: R
Case #773: R
Case #774: R
Case #775: -
Case #776: -
Case #777: P
Case #778: P
Case #779: R
Case #780: R
Case #781: P
Case #782: -
Case #783: -
Case #784: -
Case #785: S
Case #786: -
Case #787: -
Case #788: -
Case #789: P
Case #790: -
Case #791: P
Case #792: -
Case #793: R
Case #794: -
Case #795: P
Case #796: R
Case #797: P
Case #798: -
Case #799: -
Case #800: -
Case #801: R
Case #802: R
Case #803: -
Case #804: R
Case #805: P
Case #806: S
Case #807: R
Case #808: S
Case #809: P
Case #810: -
Case #811: -
Case #812: S
Case #813: S
Case #814: S
Case #815: P
Case #816: S
Case #817: R
Case #818: R
Case #819: R
Case #820: -
Case #821: P
Case #822: S
Case #823: P
Case #824: S
Case #825: S
Case #826: P
Case #827: S
Case #828: R
Case #829: P
Case #830: -
Case #831: S
Case #832: -
Case #833: -
Case #834: R
Case #835: S
Case #836: S
Case #837: -
Case #838: R
Case #839: R
Case #840: P
Case #841: -
Case #842: P
Case #843: P
Case #844: -
Case #845: R
Case #846: P
Case #847: S
Case #848: -
Case #849: R
Case #850: R
Case #851: R
Case #852: S
Case #853: R
Case #854: P
Case #855: S
Case #856: S
Case #857: -
Case #858: -
Case #859: S
Case #860: -
Case #861: P
Case #862: -
Case #863: R
Case #864: -
Case #865: R
Case #866: -
Case #867: S
Case #868: S
Case #869: S
Case #870: S
Case #871: R
Case #872: -
Case #873: S
Case #874: -
Case #875: R
Case #876: -
Case #877: S
Case #878: S
Case #879: R
Case #880: S
Case #881: -
Case #882: -
Case #883: -
Case #884: R
Case #885: -
Case #886: R
Case #887: P
Case #888: R
Case #889: R
Case #890: -
Case #891: S
Case #892: S
Case #893: R
Case #894: P
Case #895: P
Case #896: R
Case #897: S
Case #898: -
Case #899: P
Case #900: S
Case #901: R
Case #902: S
Case #903: -
Case #904: S
Case #905: -
Case #906: P
Case #907: -
Case #908: R
Case #909: S
Case #910: P
Case #911: -
Case #912: -
Case #913: -
Case #914: R
Case #915: P
Case #916: S
Case #917: S
Case #918: -
Case #919: R
Case #920: P
Case #921: -
Case #922: -
Case #923: R
Case #924: -
Case #925: P
Case #926: R
Case #927: P
Case #928: R
Case #929: S
Case #930: -
Case #931: -
Case #932: -
Case #933: S
Case #934: R
Case #935: P
Case #936: -
Case #937: -
Case #938: R
Case #939: -
Case #940: -
Case #941: R
Case #942: P
Case #943: P
Case #944: -
Case #945: P
Case #946: R
Case #947: R
Case #948: P
Case #949: R
Case #950: -
Case #951: -
Case #952: S
Case #953: P
Case #954: R
Case #955: -
Case #956: S
Case #957: S
Case #958: S
Case #959: R
Case #960: S
Case #961: S
Case #962: P
Case #963: -
Case #964: P
Case #965: S
Case #966: R
Case #967: R
Case #968: S
Case #969: P
Case #970: -
Case #971: -
Case #972: -
Case #973: S
Case #974: -
Case #975: P
Case #976: -
Case #977: R
Case #978: -
Case #979: R
Case #980: S
Case #981: R
Case #982: R
Case #983: -
Case #984: R
Case #985: R
Case #986: -
Case #987: R
Case #988: R
Case #989: -
Case #990: S
Case #991: R
Case #992: R
Case #993: -
Case #994: R
Case #995: P
Case #996: P
Case #997: R
Case #998: S
Case #999: S
Case #1000: -
