Case 1: 5 nodes not reachable from node 35 with TTL = 2.
Case 2: 1 nodes not reachable from node 35 with TTL = 3.
Case 3: 8 nodes not reachable from node 1 with TTL = 1.
Case 4: 5 nodes not reachable from node 1 with TTL = 2.
Case 5: 3 nodes not reachable from node 3 with TTL = 2.
Case 6: 1 nodes not reachable from node 3 with TTL = 3.
